Archive member included to satisfy reference by file (symbol)

/usr/local/Cellar/avr-gcc@9/9.4.0/lib/avr-gcc/9/gcc/avr/9.4.0/avr5/libgcc.a(_exit.o)
                              /usr/local/Cellar/avr-gcc@9/9.4.0/lib/avr-gcc/9/gcc/avr/9.4.0/../../../../../../avr/lib/avr5/crtatmega32.o (exit)
/usr/local/Cellar/avr-gcc@9/9.4.0/lib/avr-gcc/9/gcc/avr/9.4.0/avr5/libgcc.a(_copy_data.o)
                              ./APP/app.o (__do_copy_data)
/usr/local/Cellar/avr-gcc@9/9.4.0/lib/avr-gcc/9/gcc/avr/9.4.0/avr5/libgcc.a(_clear_bss.o)
                              ./APP/app.o (__do_clear_bss)
/usr/local/Cellar/avr-gcc@9/9.4.0/lib/avr-gcc/9/gcc/avr/9.4.0/../../../../../../avr/lib/avr5/libm.a(cmpsf2.o)
                              ./HAL/LCD/lcd.o (__ltsf2)
/usr/local/Cellar/avr-gcc@9/9.4.0/lib/avr-gcc/9/gcc/avr/9.4.0/../../../../../../avr/lib/avr5/libm.a(divsf3.o)
                              ./HAL/LCD/lcd.o (__divsf3)
/usr/local/Cellar/avr-gcc@9/9.4.0/lib/avr-gcc/9/gcc/avr/9.4.0/../../../../../../avr/lib/avr5/libm.a(divsf3x.o)
                              /usr/local/Cellar/avr-gcc@9/9.4.0/lib/avr-gcc/9/gcc/avr/9.4.0/../../../../../../avr/lib/avr5/libm.a(divsf3.o) (__divsf3x)
/usr/local/Cellar/avr-gcc@9/9.4.0/lib/avr-gcc/9/gcc/avr/9.4.0/../../../../../../avr/lib/avr5/libm.a(fixunssfsi.o)
                              ./HAL/LCD/lcd.o (__fixunssfsi)
/usr/local/Cellar/avr-gcc@9/9.4.0/lib/avr-gcc/9/gcc/avr/9.4.0/../../../../../../avr/lib/avr5/libm.a(fp_cmp.o)
                              /usr/local/Cellar/avr-gcc@9/9.4.0/lib/avr-gcc/9/gcc/avr/9.4.0/../../../../../../avr/lib/avr5/libm.a(cmpsf2.o) (__fp_cmp)
/usr/local/Cellar/avr-gcc@9/9.4.0/lib/avr-gcc/9/gcc/avr/9.4.0/../../../../../../avr/lib/avr5/libm.a(fp_inf.o)
                              /usr/local/Cellar/avr-gcc@9/9.4.0/lib/avr-gcc/9/gcc/avr/9.4.0/../../../../../../avr/lib/avr5/libm.a(divsf3x.o) (__fp_inf)
/usr/local/Cellar/avr-gcc@9/9.4.0/lib/avr-gcc/9/gcc/avr/9.4.0/../../../../../../avr/lib/avr5/libm.a(fp_nan.o)
                              /usr/local/Cellar/avr-gcc@9/9.4.0/lib/avr-gcc/9/gcc/avr/9.4.0/../../../../../../avr/lib/avr5/libm.a(divsf3x.o) (__fp_nan)
/usr/local/Cellar/avr-gcc@9/9.4.0/lib/avr-gcc/9/gcc/avr/9.4.0/../../../../../../avr/lib/avr5/libm.a(fp_pscA.o)
                              /usr/local/Cellar/avr-gcc@9/9.4.0/lib/avr-gcc/9/gcc/avr/9.4.0/../../../../../../avr/lib/avr5/libm.a(divsf3x.o) (__fp_pscA)
/usr/local/Cellar/avr-gcc@9/9.4.0/lib/avr-gcc/9/gcc/avr/9.4.0/../../../../../../avr/lib/avr5/libm.a(fp_pscB.o)
                              /usr/local/Cellar/avr-gcc@9/9.4.0/lib/avr-gcc/9/gcc/avr/9.4.0/../../../../../../avr/lib/avr5/libm.a(divsf3x.o) (__fp_pscB)
/usr/local/Cellar/avr-gcc@9/9.4.0/lib/avr-gcc/9/gcc/avr/9.4.0/../../../../../../avr/lib/avr5/libm.a(fp_round.o)
                              /usr/local/Cellar/avr-gcc@9/9.4.0/lib/avr-gcc/9/gcc/avr/9.4.0/../../../../../../avr/lib/avr5/libm.a(divsf3.o) (__fp_round)
/usr/local/Cellar/avr-gcc@9/9.4.0/lib/avr-gcc/9/gcc/avr/9.4.0/../../../../../../avr/lib/avr5/libm.a(fp_split3.o)
                              /usr/local/Cellar/avr-gcc@9/9.4.0/lib/avr-gcc/9/gcc/avr/9.4.0/../../../../../../avr/lib/avr5/libm.a(divsf3x.o) (__fp_split3)
/usr/local/Cellar/avr-gcc@9/9.4.0/lib/avr-gcc/9/gcc/avr/9.4.0/../../../../../../avr/lib/avr5/libm.a(fp_zero.o)
                              /usr/local/Cellar/avr-gcc@9/9.4.0/lib/avr-gcc/9/gcc/avr/9.4.0/../../../../../../avr/lib/avr5/libm.a(fixunssfsi.o) (__fp_zero)
/usr/local/Cellar/avr-gcc@9/9.4.0/lib/avr-gcc/9/gcc/avr/9.4.0/../../../../../../avr/lib/avr5/libm.a(gesf2.o)
                              ./HAL/LCD/lcd.o (__gtsf2)
/usr/local/Cellar/avr-gcc@9/9.4.0/lib/avr-gcc/9/gcc/avr/9.4.0/../../../../../../avr/lib/avr5/libm.a(mulsf3.o)
                              ./HAL/LCD/lcd.o (__mulsf3)
/usr/local/Cellar/avr-gcc@9/9.4.0/lib/avr-gcc/9/gcc/avr/9.4.0/../../../../../../avr/lib/avr5/libm.a(mulsf3x.o)
                              /usr/local/Cellar/avr-gcc@9/9.4.0/lib/avr-gcc/9/gcc/avr/9.4.0/../../../../../../avr/lib/avr5/libm.a(mulsf3.o) (__mulsf3x)
/usr/local/Cellar/avr-gcc@9/9.4.0/lib/avr-gcc/9/gcc/avr/9.4.0/../../../../../../avr/lib/avr5/libc.a(itoa.o)
                              ./HAL/LCD/lcd.o (itoa)
/usr/local/Cellar/avr-gcc@9/9.4.0/lib/avr-gcc/9/gcc/avr/9.4.0/../../../../../../avr/lib/avr5/libc.a(itoa_ncheck.o)
                              /usr/local/Cellar/avr-gcc@9/9.4.0/lib/avr-gcc/9/gcc/avr/9.4.0/../../../../../../avr/lib/avr5/libc.a(itoa.o) (__itoa_ncheck)
/usr/local/Cellar/avr-gcc@9/9.4.0/lib/avr-gcc/9/gcc/avr/9.4.0/../../../../../../avr/lib/avr5/libc.a(utoa_ncheck.o)
                              /usr/local/Cellar/avr-gcc@9/9.4.0/lib/avr-gcc/9/gcc/avr/9.4.0/../../../../../../avr/lib/avr5/libc.a(itoa_ncheck.o) (__utoa_common)
/usr/local/Cellar/avr-gcc@9/9.4.0/lib/avr-gcc/9/gcc/avr/9.4.0/../../../../../../avr/lib/avr5/libc.a(strrev.o)
                              /usr/local/Cellar/avr-gcc@9/9.4.0/lib/avr-gcc/9/gcc/avr/9.4.0/../../../../../../avr/lib/avr5/libc.a(utoa_ncheck.o) (strrev)

Memory Configuration

Name             Origin             Length             Attributes
text             0x00000000         0x00020000         xr
data             0x00800060         0x0000ffa0         rw!x
eeprom           0x00810000         0x00010000         rw!x
fuse             0x00820000         0x00000002         rw!x
lock             0x00830000         0x00000400         rw!x
signature        0x00840000         0x00000400         rw!x
user_signatures  0x00850000         0x00000400         rw!x
*default*        0x00000000         0xffffffff

Linker script and memory map

LOAD /usr/local/Cellar/avr-gcc@9/9.4.0/lib/avr-gcc/9/gcc/avr/9.4.0/../../../../../../avr/lib/avr5/crtatmega32.o
LOAD ./MCAl/GPIO/gpio.o
LOAD ./HAL/Led/green_led.o
LOAD ./HAL/LCD/lcd.o
LOAD ./HAL/Keybad/keypad.o
LOAD ./APP/app.o
LOAD ./main.o
START GROUP
LOAD /usr/local/Cellar/avr-gcc@9/9.4.0/lib/avr-gcc/9/gcc/avr/9.4.0/avr5/libgcc.a
LOAD /usr/local/Cellar/avr-gcc@9/9.4.0/lib/avr-gcc/9/gcc/avr/9.4.0/../../../../../../avr/lib/avr5/libm.a
LOAD /usr/local/Cellar/avr-gcc@9/9.4.0/lib/avr-gcc/9/gcc/avr/9.4.0/../../../../../../avr/lib/avr5/libc.a
LOAD /usr/local/Cellar/avr-gcc@9/9.4.0/lib/avr-gcc/9/gcc/avr/9.4.0/../../../../../../avr/lib/avr5/libatmega32.a
END GROUP
                0x00020000                        __TEXT_REGION_LENGTH__ = DEFINED (__TEXT_REGION_LENGTH__)?__TEXT_REGION_LENGTH__:0x20000
                0x00800060                        __DATA_REGION_ORIGIN__ = DEFINED (__DATA_REGION_ORIGIN__)?__DATA_REGION_ORIGIN__:0x800060
                0x0000ffa0                        __DATA_REGION_LENGTH__ = DEFINED (__DATA_REGION_LENGTH__)?__DATA_REGION_LENGTH__:0xffa0
                0x00010000                        __EEPROM_REGION_LENGTH__ = DEFINED (__EEPROM_REGION_LENGTH__)?__EEPROM_REGION_LENGTH__:0x10000
                [0x00000002]                      __FUSE_REGION_LENGTH__ = DEFINED (__FUSE_REGION_LENGTH__)?__FUSE_REGION_LENGTH__:0x400
                0x00000400                        __LOCK_REGION_LENGTH__ = DEFINED (__LOCK_REGION_LENGTH__)?__LOCK_REGION_LENGTH__:0x400
                0x00000400                        __SIGNATURE_REGION_LENGTH__ = DEFINED (__SIGNATURE_REGION_LENGTH__)?__SIGNATURE_REGION_LENGTH__:0x400
                0x00000400                        __USER_SIGNATURE_REGION_LENGTH__ = DEFINED (__USER_SIGNATURE_REGION_LENGTH__)?__USER_SIGNATURE_REGION_LENGTH__:0x400

.hash
 *(.hash)

.dynsym
 *(.dynsym)

.dynstr
 *(.dynstr)

.gnu.version
 *(.gnu.version)

.gnu.version_d
 *(.gnu.version_d)

.gnu.version_r
 *(.gnu.version_r)

.rel.init
 *(.rel.init)

.rela.init
 *(.rela.init)

.rel.text
 *(.rel.text)
 *(.rel.text.*)
 *(.rel.gnu.linkonce.t*)

.rela.text
 *(.rela.text)
 *(.rela.text.*)
 *(.rela.gnu.linkonce.t*)

.rel.fini
 *(.rel.fini)

.rela.fini
 *(.rela.fini)

.rel.rodata
 *(.rel.rodata)
 *(.rel.rodata.*)
 *(.rel.gnu.linkonce.r*)

.rela.rodata
 *(.rela.rodata)
 *(.rela.rodata.*)
 *(.rela.gnu.linkonce.r*)

.rel.data
 *(.rel.data)
 *(.rel.data.*)
 *(.rel.gnu.linkonce.d*)

.rela.data
 *(.rela.data)
 *(.rela.data.*)
 *(.rela.gnu.linkonce.d*)

.rel.ctors
 *(.rel.ctors)

.rela.ctors
 *(.rela.ctors)

.rel.dtors
 *(.rel.dtors)

.rela.dtors
 *(.rela.dtors)

.rel.got
 *(.rel.got)

.rela.got
 *(.rela.got)

.rel.bss
 *(.rel.bss)

.rela.bss
 *(.rela.bss)

.rel.plt
 *(.rel.plt)

.rela.plt
 *(.rela.plt)

.text           0x00000000     0x541c
 *(.vectors)
 .vectors       0x00000000       0x54 /usr/local/Cellar/avr-gcc@9/9.4.0/lib/avr-gcc/9/gcc/avr/9.4.0/../../../../../../avr/lib/avr5/crtatmega32.o
                0x00000000                __vectors
                0x00000000                __vector_default
 *(.vectors)
 *(.progmem.gcc*)
                0x00000054                        . = ALIGN (0x2)
                0x00000054                        __trampolines_start = .
 *(.trampolines)
 .trampolines   0x00000054        0x0 linker stubs
 *(.trampolines*)
                0x00000054                        __trampolines_end = .
 *libprintf_flt.a:*(.progmem.data)
 *libc.a:*(.progmem.data)
 *(.progmem.*)
                0x00000054                        . = ALIGN (0x2)
 *(.lowtext)
 *(.lowtext*)
                0x00000054                        __ctors_start = .
 *(.ctors)
                0x00000054                        __ctors_end = .
                0x00000054                        __dtors_start = .
 *(.dtors)
                0x00000054                        __dtors_end = .
 SORT_BY_NAME(*)(.ctors)
 SORT_BY_NAME(*)(.dtors)
 *(.init0)
 .init0         0x00000054        0x0 /usr/local/Cellar/avr-gcc@9/9.4.0/lib/avr-gcc/9/gcc/avr/9.4.0/../../../../../../avr/lib/avr5/crtatmega32.o
                0x00000054                __init
 *(.init0)
 *(.init1)
 *(.init1)
 *(.init2)
 .init2         0x00000054        0xc /usr/local/Cellar/avr-gcc@9/9.4.0/lib/avr-gcc/9/gcc/avr/9.4.0/../../../../../../avr/lib/avr5/crtatmega32.o
 *(.init2)
 *(.init3)
 *(.init3)
 *(.init4)
 .init4         0x00000060       0x16 /usr/local/Cellar/avr-gcc@9/9.4.0/lib/avr-gcc/9/gcc/avr/9.4.0/avr5/libgcc.a(_copy_data.o)
                0x00000060                __do_copy_data
 .init4         0x00000076       0x10 /usr/local/Cellar/avr-gcc@9/9.4.0/lib/avr-gcc/9/gcc/avr/9.4.0/avr5/libgcc.a(_clear_bss.o)
                0x00000076                __do_clear_bss
 *(.init4)
 *(.init5)
 *(.init5)
 *(.init6)
 *(.init6)
 *(.init7)
 *(.init7)
 *(.init8)
 *(.init8)
 *(.init9)
 .init9         0x00000086        0x8 /usr/local/Cellar/avr-gcc@9/9.4.0/lib/avr-gcc/9/gcc/avr/9.4.0/../../../../../../avr/lib/avr5/crtatmega32.o
 *(.init9)
 *(.text)
 .text          0x0000008e        0x4 /usr/local/Cellar/avr-gcc@9/9.4.0/lib/avr-gcc/9/gcc/avr/9.4.0/../../../../../../avr/lib/avr5/crtatmega32.o
                0x0000008e                __vector_20
                0x0000008e                __vector_12
                0x0000008e                __bad_interrupt
                0x0000008e                __vector_6
                0x0000008e                __vector_3
                0x0000008e                __vector_11
                0x0000008e                __vector_13
                0x0000008e                __vector_17
                0x0000008e                __vector_19
                0x0000008e                __vector_7
                0x0000008e                __vector_5
                0x0000008e                __vector_4
                0x0000008e                __vector_9
                0x0000008e                __vector_2
                0x0000008e                __vector_15
                0x0000008e                __vector_8
                0x0000008e                __vector_14
                0x0000008e                __vector_10
                0x0000008e                __vector_16
                0x0000008e                __vector_18
                0x0000008e                __vector_1
 .text          0x00000092        0x0 ./MCAl/GPIO/gpio.o
 .text          0x00000092        0x0 ./HAL/Led/green_led.o
 .text          0x00000092        0x0 ./HAL/LCD/lcd.o
 .text          0x00000092        0x0 ./HAL/Keybad/keypad.o
 .text          0x00000092        0x0 ./APP/app.o
 .text          0x00000092        0x0 ./main.o
 .text          0x00000092        0x0 /usr/local/Cellar/avr-gcc@9/9.4.0/lib/avr-gcc/9/gcc/avr/9.4.0/avr5/libgcc.a(_exit.o)
 .text          0x00000092        0x0 /usr/local/Cellar/avr-gcc@9/9.4.0/lib/avr-gcc/9/gcc/avr/9.4.0/avr5/libgcc.a(_copy_data.o)
 .text          0x00000092        0x0 /usr/local/Cellar/avr-gcc@9/9.4.0/lib/avr-gcc/9/gcc/avr/9.4.0/avr5/libgcc.a(_clear_bss.o)
 .text          0x00000092        0x0 /usr/local/Cellar/avr-gcc@9/9.4.0/lib/avr-gcc/9/gcc/avr/9.4.0/../../../../../../avr/lib/avr5/libm.a(cmpsf2.o)
 .text          0x00000092        0x0 /usr/local/Cellar/avr-gcc@9/9.4.0/lib/avr-gcc/9/gcc/avr/9.4.0/../../../../../../avr/lib/avr5/libm.a(divsf3.o)
 .text          0x00000092        0x0 /usr/local/Cellar/avr-gcc@9/9.4.0/lib/avr-gcc/9/gcc/avr/9.4.0/../../../../../../avr/lib/avr5/libm.a(divsf3x.o)
 .text          0x00000092        0x0 /usr/local/Cellar/avr-gcc@9/9.4.0/lib/avr-gcc/9/gcc/avr/9.4.0/../../../../../../avr/lib/avr5/libm.a(fixunssfsi.o)
 .text          0x00000092        0x0 /usr/local/Cellar/avr-gcc@9/9.4.0/lib/avr-gcc/9/gcc/avr/9.4.0/../../../../../../avr/lib/avr5/libm.a(fp_cmp.o)
 .text          0x00000092        0x0 /usr/local/Cellar/avr-gcc@9/9.4.0/lib/avr-gcc/9/gcc/avr/9.4.0/../../../../../../avr/lib/avr5/libm.a(fp_inf.o)
 .text          0x00000092        0x0 /usr/local/Cellar/avr-gcc@9/9.4.0/lib/avr-gcc/9/gcc/avr/9.4.0/../../../../../../avr/lib/avr5/libm.a(fp_nan.o)
 .text          0x00000092        0x0 /usr/local/Cellar/avr-gcc@9/9.4.0/lib/avr-gcc/9/gcc/avr/9.4.0/../../../../../../avr/lib/avr5/libm.a(fp_pscA.o)
 .text          0x00000092        0x0 /usr/local/Cellar/avr-gcc@9/9.4.0/lib/avr-gcc/9/gcc/avr/9.4.0/../../../../../../avr/lib/avr5/libm.a(fp_pscB.o)
 .text          0x00000092        0x0 /usr/local/Cellar/avr-gcc@9/9.4.0/lib/avr-gcc/9/gcc/avr/9.4.0/../../../../../../avr/lib/avr5/libm.a(fp_round.o)
 .text          0x00000092        0x0 /usr/local/Cellar/avr-gcc@9/9.4.0/lib/avr-gcc/9/gcc/avr/9.4.0/../../../../../../avr/lib/avr5/libm.a(fp_split3.o)
 .text          0x00000092        0x0 /usr/local/Cellar/avr-gcc@9/9.4.0/lib/avr-gcc/9/gcc/avr/9.4.0/../../../../../../avr/lib/avr5/libm.a(fp_zero.o)
 .text          0x00000092        0x0 /usr/local/Cellar/avr-gcc@9/9.4.0/lib/avr-gcc/9/gcc/avr/9.4.0/../../../../../../avr/lib/avr5/libm.a(gesf2.o)
 .text          0x00000092        0x0 /usr/local/Cellar/avr-gcc@9/9.4.0/lib/avr-gcc/9/gcc/avr/9.4.0/../../../../../../avr/lib/avr5/libm.a(mulsf3.o)
 .text          0x00000092        0x0 /usr/local/Cellar/avr-gcc@9/9.4.0/lib/avr-gcc/9/gcc/avr/9.4.0/../../../../../../avr/lib/avr5/libm.a(mulsf3x.o)
 .text          0x00000092        0x0 /usr/local/Cellar/avr-gcc@9/9.4.0/lib/avr-gcc/9/gcc/avr/9.4.0/../../../../../../avr/lib/avr5/libc.a(itoa.o)
 .text          0x00000092        0x0 /usr/local/Cellar/avr-gcc@9/9.4.0/lib/avr-gcc/9/gcc/avr/9.4.0/../../../../../../avr/lib/avr5/libc.a(itoa_ncheck.o)
 .text          0x00000092        0x0 /usr/local/Cellar/avr-gcc@9/9.4.0/lib/avr-gcc/9/gcc/avr/9.4.0/../../../../../../avr/lib/avr5/libc.a(utoa_ncheck.o)
 .text          0x00000092        0x0 /usr/local/Cellar/avr-gcc@9/9.4.0/lib/avr-gcc/9/gcc/avr/9.4.0/../../../../../../avr/lib/avr5/libc.a(strrev.o)
                0x00000092                        . = ALIGN (0x2)
 *(.text.*)
 .text.GPIO_setupPinDirection
                0x00000092      0x1de ./MCAl/GPIO/gpio.o
                0x00000092                GPIO_setupPinDirection
 .text.GPIO_setupPortDirection
                0x00000270       0x6c ./MCAl/GPIO/gpio.o
                0x00000270                GPIO_setupPortDirection
 .text.GPIO_writePin
                0x000002dc      0x1ec ./MCAl/GPIO/gpio.o
                0x000002dc                GPIO_writePin
 .text.GPIO_writePort
                0x000004c8       0x6c ./MCAl/GPIO/gpio.o
                0x000004c8                GPIO_writePort
 .text.GPIO_readPin
                0x00000534       0xbc ./MCAl/GPIO/gpio.o
                0x00000534                GPIO_readPin
 .text.GPIO_readPort
                0x000005f0       0x60 ./MCAl/GPIO/gpio.o
                0x000005f0                GPIO_readPort
 .text.GRN_LED_init
                0x00000650       0x24 ./HAL/Led/green_led.o
                0x00000650                GRN_LED_init
 .text.GRN_LED_on
                0x00000674       0x1a ./HAL/Led/green_led.o
                0x00000674                GRN_LED_on
 .text.GRN_LED_off
                0x0000068e       0x1a ./HAL/Led/green_led.o
                0x0000068e                GRN_LED_off
 .text.LCD_init
                0x000006a8      0x2cc ./HAL/LCD/lcd.o
                0x000006a8                LCD_init
 .text.LCD_sendCommand
                0x00000974     0x182e ./HAL/LCD/lcd.o
                0x00000974                LCD_sendCommand
 .text.LCD_displayCharacter
                0x000021a2     0x13ca ./HAL/LCD/lcd.o
                0x000021a2                LCD_displayCharacter
 .text.LCD_displayString
                0x0000356c       0x56 ./HAL/LCD/lcd.o
                0x0000356c                LCD_displayString
 .text.LCD_integerToString
                0x000035c2       0x48 ./HAL/LCD/lcd.o
                0x000035c2                LCD_integerToString
 .text.LCD_moveCursor
                0x0000360a       0x6c ./HAL/LCD/lcd.o
                0x0000360a                LCD_moveCursor
 .text.LCD_displayStringRowColumn
                0x00003676       0x34 ./HAL/LCD/lcd.o
                0x00003676                LCD_displayStringRowColumn
 .text.LCD_clearScreen
                0x000036aa       0x16 ./HAL/LCD/lcd.o
                0x000036aa                LCD_clearScreen
 .text.KEYPAD_getPressedKey
                0x000036c0       0xd0 ./HAL/Keybad/keypad.o
                0x000036c0                KEYPAD_getPressedKey
 .text.APP_voidInit
                0x00003790       0x14 ./APP/app.o
                0x00003790                APP_voidInit
 .text.APP_WelcomeScreen
                0x000037a4      0x7da ./APP/app.o
                0x000037a4                APP_WelcomeScreen
 .text.APP_Selector
                0x00003f7e       0x7c ./APP/app.o
                0x00003f7e                APP_Selector
 .text.INCREMENT
                0x00003ffa      0xcd2 ./APP/app.o
                0x00003ffa                INCREMENT
 .text.App_Reset
                0x00004ccc       0x30 ./APP/app.o
                0x00004ccc                App_Reset
 .text.App_Winner
                0x00004cfc      0x36c ./APP/app.o
                0x00004cfc                App_Winner
 .text.main     0x00005068       0x16 ./main.o
                0x00005068                main
 .text.libgcc.mul
                0x0000507e        0x0 /usr/local/Cellar/avr-gcc@9/9.4.0/lib/avr-gcc/9/gcc/avr/9.4.0/avr5/libgcc.a(_exit.o)
 .text.libgcc.div
                0x0000507e        0x0 /usr/local/Cellar/avr-gcc@9/9.4.0/lib/avr-gcc/9/gcc/avr/9.4.0/avr5/libgcc.a(_exit.o)
 .text.libgcc   0x0000507e        0x0 /usr/local/Cellar/avr-gcc@9/9.4.0/lib/avr-gcc/9/gcc/avr/9.4.0/avr5/libgcc.a(_exit.o)
 .text.libgcc.prologue
                0x0000507e        0x0 /usr/local/Cellar/avr-gcc@9/9.4.0/lib/avr-gcc/9/gcc/avr/9.4.0/avr5/libgcc.a(_exit.o)
 .text.libgcc.builtins
                0x0000507e        0x0 /usr/local/Cellar/avr-gcc@9/9.4.0/lib/avr-gcc/9/gcc/avr/9.4.0/avr5/libgcc.a(_exit.o)
 .text.libgcc.fmul
                0x0000507e        0x0 /usr/local/Cellar/avr-gcc@9/9.4.0/lib/avr-gcc/9/gcc/avr/9.4.0/avr5/libgcc.a(_exit.o)
 .text.libgcc.fixed
                0x0000507e        0x0 /usr/local/Cellar/avr-gcc@9/9.4.0/lib/avr-gcc/9/gcc/avr/9.4.0/avr5/libgcc.a(_exit.o)
 .text.libgcc.mul
                0x0000507e        0x0 /usr/local/Cellar/avr-gcc@9/9.4.0/lib/avr-gcc/9/gcc/avr/9.4.0/avr5/libgcc.a(_copy_data.o)
 .text.libgcc.div
                0x0000507e        0x0 /usr/local/Cellar/avr-gcc@9/9.4.0/lib/avr-gcc/9/gcc/avr/9.4.0/avr5/libgcc.a(_copy_data.o)
 .text.libgcc   0x0000507e        0x0 /usr/local/Cellar/avr-gcc@9/9.4.0/lib/avr-gcc/9/gcc/avr/9.4.0/avr5/libgcc.a(_copy_data.o)
 .text.libgcc.prologue
                0x0000507e        0x0 /usr/local/Cellar/avr-gcc@9/9.4.0/lib/avr-gcc/9/gcc/avr/9.4.0/avr5/libgcc.a(_copy_data.o)
 .text.libgcc.builtins
                0x0000507e        0x0 /usr/local/Cellar/avr-gcc@9/9.4.0/lib/avr-gcc/9/gcc/avr/9.4.0/avr5/libgcc.a(_copy_data.o)
 .text.libgcc.fmul
                0x0000507e        0x0 /usr/local/Cellar/avr-gcc@9/9.4.0/lib/avr-gcc/9/gcc/avr/9.4.0/avr5/libgcc.a(_copy_data.o)
 .text.libgcc.fixed
                0x0000507e        0x0 /usr/local/Cellar/avr-gcc@9/9.4.0/lib/avr-gcc/9/gcc/avr/9.4.0/avr5/libgcc.a(_copy_data.o)
 .text.libgcc.mul
                0x0000507e        0x0 /usr/local/Cellar/avr-gcc@9/9.4.0/lib/avr-gcc/9/gcc/avr/9.4.0/avr5/libgcc.a(_clear_bss.o)
 .text.libgcc.div
                0x0000507e        0x0 /usr/local/Cellar/avr-gcc@9/9.4.0/lib/avr-gcc/9/gcc/avr/9.4.0/avr5/libgcc.a(_clear_bss.o)
 .text.libgcc   0x0000507e        0x0 /usr/local/Cellar/avr-gcc@9/9.4.0/lib/avr-gcc/9/gcc/avr/9.4.0/avr5/libgcc.a(_clear_bss.o)
 .text.libgcc.prologue
                0x0000507e        0x0 /usr/local/Cellar/avr-gcc@9/9.4.0/lib/avr-gcc/9/gcc/avr/9.4.0/avr5/libgcc.a(_clear_bss.o)
 .text.libgcc.builtins
                0x0000507e        0x0 /usr/local/Cellar/avr-gcc@9/9.4.0/lib/avr-gcc/9/gcc/avr/9.4.0/avr5/libgcc.a(_clear_bss.o)
 .text.libgcc.fmul
                0x0000507e        0x0 /usr/local/Cellar/avr-gcc@9/9.4.0/lib/avr-gcc/9/gcc/avr/9.4.0/avr5/libgcc.a(_clear_bss.o)
 .text.libgcc.fixed
                0x0000507e        0x0 /usr/local/Cellar/avr-gcc@9/9.4.0/lib/avr-gcc/9/gcc/avr/9.4.0/avr5/libgcc.a(_clear_bss.o)
 .text.avr-libc.fplib
                0x0000507e        0xa /usr/local/Cellar/avr-gcc@9/9.4.0/lib/avr-gcc/9/gcc/avr/9.4.0/../../../../../../avr/lib/avr5/libm.a(cmpsf2.o)
                0x0000507e                __lesf2
                0x0000507e                __nesf2
                0x0000507e                __eqsf2
                0x0000507e                __cmpsf2
                0x0000507e                __ltsf2
 .text.avr-libc.fplib
                0x00005088        0x8 /usr/local/Cellar/avr-gcc@9/9.4.0/lib/avr-gcc/9/gcc/avr/9.4.0/../../../../../../avr/lib/avr5/libm.a(divsf3.o)
                0x00005088                __divsf3
 .text.avr-libc.fplib
                0x00005090       0xdc /usr/local/Cellar/avr-gcc@9/9.4.0/lib/avr-gcc/9/gcc/avr/9.4.0/../../../../../../avr/lib/avr5/libm.a(divsf3x.o)
                0x000050b0                __divsf3x
                0x000050b6                __divsf3_pse
 .text.avr-libc.fplib
                0x0000516c       0x5e /usr/local/Cellar/avr-gcc@9/9.4.0/lib/avr-gcc/9/gcc/avr/9.4.0/../../../../../../avr/lib/avr5/libm.a(fixunssfsi.o)
                0x0000516c                __fixunssfsi
 .text.avr-libc.fplib
                0x000051ca       0x48 /usr/local/Cellar/avr-gcc@9/9.4.0/lib/avr-gcc/9/gcc/avr/9.4.0/../../../../../../avr/lib/avr5/libm.a(fp_cmp.o)
                0x000051ca                __fp_cmp
 .text.avr-libc.fplib
                0x00005212        0xc /usr/local/Cellar/avr-gcc@9/9.4.0/lib/avr-gcc/9/gcc/avr/9.4.0/../../../../../../avr/lib/avr5/libm.a(fp_inf.o)
                0x00005212                __fp_inf
 .text.avr-libc.fplib
                0x0000521e        0x6 /usr/local/Cellar/avr-gcc@9/9.4.0/lib/avr-gcc/9/gcc/avr/9.4.0/../../../../../../avr/lib/avr5/libm.a(fp_nan.o)
                0x0000521e                __fp_nan
 .text.avr-libc.fplib
                0x00005224        0xe /usr/local/Cellar/avr-gcc@9/9.4.0/lib/avr-gcc/9/gcc/avr/9.4.0/../../../../../../avr/lib/avr5/libm.a(fp_pscA.o)
                0x00005224                __fp_pscA
 .text.avr-libc.fplib
                0x00005232        0xe /usr/local/Cellar/avr-gcc@9/9.4.0/lib/avr-gcc/9/gcc/avr/9.4.0/../../../../../../avr/lib/avr5/libm.a(fp_pscB.o)
                0x00005232                __fp_pscB
 .text.avr-libc.fplib
                0x00005240       0x22 /usr/local/Cellar/avr-gcc@9/9.4.0/lib/avr-gcc/9/gcc/avr/9.4.0/../../../../../../avr/lib/avr5/libm.a(fp_round.o)
                0x00005240                __fp_round
 .text.avr-libc.fplib
                0x00005262       0x44 /usr/local/Cellar/avr-gcc@9/9.4.0/lib/avr-gcc/9/gcc/avr/9.4.0/../../../../../../avr/lib/avr5/libm.a(fp_split3.o)
                0x00005262                __fp_split3
                0x00005272                __fp_splitA
 .text.avr-libc.fplib
                0x000052a6        0xe /usr/local/Cellar/avr-gcc@9/9.4.0/lib/avr-gcc/9/gcc/avr/9.4.0/../../../../../../avr/lib/avr5/libm.a(fp_zero.o)
                0x000052a6                __fp_zero
                0x000052a8                __fp_szero
 .text.avr-libc.fplib
                0x000052b4        0xa /usr/local/Cellar/avr-gcc@9/9.4.0/lib/avr-gcc/9/gcc/avr/9.4.0/../../../../../../avr/lib/avr5/libm.a(gesf2.o)
                0x000052b4                __gtsf2
                0x000052b4                __gesf2
 .text.avr-libc.fplib
                0x000052be        0x8 /usr/local/Cellar/avr-gcc@9/9.4.0/lib/avr-gcc/9/gcc/avr/9.4.0/../../../../../../avr/lib/avr5/libm.a(mulsf3.o)
                0x000052be                __mulsf3
 .text.avr-libc.fplib
                0x000052c6       0xd2 /usr/local/Cellar/avr-gcc@9/9.4.0/lib/avr-gcc/9/gcc/avr/9.4.0/../../../../../../avr/lib/avr5/libm.a(mulsf3x.o)
                0x000052e4                __mulsf3x
                0x000052ea                __mulsf3_pse
 .text.avr-libc
                0x00005398       0x16 /usr/local/Cellar/avr-gcc@9/9.4.0/lib/avr-gcc/9/gcc/avr/9.4.0/../../../../../../avr/lib/avr5/libc.a(itoa.o)
                0x00005398                itoa
                0x00005398                __itoa
 .text.avr-libc
                0x000053ae       0x16 /usr/local/Cellar/avr-gcc@9/9.4.0/lib/avr-gcc/9/gcc/avr/9.4.0/../../../../../../avr/lib/avr5/libc.a(itoa_ncheck.o)
                0x000053ae                __itoa_ncheck
 .text.avr-libc
                0x000053c4       0x34 /usr/local/Cellar/avr-gcc@9/9.4.0/lib/avr-gcc/9/gcc/avr/9.4.0/../../../../../../avr/lib/avr5/libc.a(utoa_ncheck.o)
                0x000053c4                __utoa_ncheck
                0x000053c6                __utoa_common
 .text.avr-libc
                0x000053f8       0x20 /usr/local/Cellar/avr-gcc@9/9.4.0/lib/avr-gcc/9/gcc/avr/9.4.0/../../../../../../avr/lib/avr5/libc.a(strrev.o)
                0x000053f8                strrev
                0x00005418                        . = ALIGN (0x2)
 *(.fini9)
 .fini9         0x00005418        0x0 /usr/local/Cellar/avr-gcc@9/9.4.0/lib/avr-gcc/9/gcc/avr/9.4.0/avr5/libgcc.a(_exit.o)
                0x00005418                exit
                0x00005418                _exit
 *(.fini9)
 *(.fini8)
 *(.fini8)
 *(.fini7)
 *(.fini7)
 *(.fini6)
 *(.fini6)
 *(.fini5)
 *(.fini5)
 *(.fini4)
 *(.fini4)
 *(.fini3)
 *(.fini3)
 *(.fini2)
 *(.fini2)
 *(.fini1)
 *(.fini1)
 *(.fini0)
 .fini0         0x00005418        0x4 /usr/local/Cellar/avr-gcc@9/9.4.0/lib/avr-gcc/9/gcc/avr/9.4.0/avr5/libgcc.a(_exit.o)
 *(.fini0)
 *(.hightext)
 *(.hightext*)
 *(.progmemx.*)
                0x0000541c                        . = ALIGN (0x2)
 *(.jumptables)
 *(.jumptables*)
                0x0000541c                        _etext = .

.data           0x00800060       0xd8 load address 0x0000541c
                0x00800060                        PROVIDE (__data_start = .)
 *(.data)
 .data          0x00800060        0x0 /usr/local/Cellar/avr-gcc@9/9.4.0/lib/avr-gcc/9/gcc/avr/9.4.0/../../../../../../avr/lib/avr5/crtatmega32.o
 .data          0x00800060        0x0 ./MCAl/GPIO/gpio.o
 .data          0x00800060        0x0 ./HAL/Led/green_led.o
 .data          0x00800060        0x0 ./HAL/LCD/lcd.o
 .data          0x00800060        0x0 ./HAL/Keybad/keypad.o
 .data          0x00800060        0x0 ./APP/app.o
 .data          0x00800060        0x0 ./main.o
 .data          0x00800060        0x0 /usr/local/Cellar/avr-gcc@9/9.4.0/lib/avr-gcc/9/gcc/avr/9.4.0/avr5/libgcc.a(_exit.o)
 .data          0x00800060        0x0 /usr/local/Cellar/avr-gcc@9/9.4.0/lib/avr-gcc/9/gcc/avr/9.4.0/avr5/libgcc.a(_copy_data.o)
 .data          0x00800060        0x0 /usr/local/Cellar/avr-gcc@9/9.4.0/lib/avr-gcc/9/gcc/avr/9.4.0/avr5/libgcc.a(_clear_bss.o)
 .data          0x00800060        0x0 /usr/local/Cellar/avr-gcc@9/9.4.0/lib/avr-gcc/9/gcc/avr/9.4.0/../../../../../../avr/lib/avr5/libm.a(cmpsf2.o)
 .data          0x00800060        0x0 /usr/local/Cellar/avr-gcc@9/9.4.0/lib/avr-gcc/9/gcc/avr/9.4.0/../../../../../../avr/lib/avr5/libm.a(divsf3.o)
 .data          0x00800060        0x0 /usr/local/Cellar/avr-gcc@9/9.4.0/lib/avr-gcc/9/gcc/avr/9.4.0/../../../../../../avr/lib/avr5/libm.a(divsf3x.o)
 .data          0x00800060        0x0 /usr/local/Cellar/avr-gcc@9/9.4.0/lib/avr-gcc/9/gcc/avr/9.4.0/../../../../../../avr/lib/avr5/libm.a(fixunssfsi.o)
 .data          0x00800060        0x0 /usr/local/Cellar/avr-gcc@9/9.4.0/lib/avr-gcc/9/gcc/avr/9.4.0/../../../../../../avr/lib/avr5/libm.a(fp_cmp.o)
 .data          0x00800060        0x0 /usr/local/Cellar/avr-gcc@9/9.4.0/lib/avr-gcc/9/gcc/avr/9.4.0/../../../../../../avr/lib/avr5/libm.a(fp_inf.o)
 .data          0x00800060        0x0 /usr/local/Cellar/avr-gcc@9/9.4.0/lib/avr-gcc/9/gcc/avr/9.4.0/../../../../../../avr/lib/avr5/libm.a(fp_nan.o)
 .data          0x00800060        0x0 /usr/local/Cellar/avr-gcc@9/9.4.0/lib/avr-gcc/9/gcc/avr/9.4.0/../../../../../../avr/lib/avr5/libm.a(fp_pscA.o)
 .data          0x00800060        0x0 /usr/local/Cellar/avr-gcc@9/9.4.0/lib/avr-gcc/9/gcc/avr/9.4.0/../../../../../../avr/lib/avr5/libm.a(fp_pscB.o)
 .data          0x00800060        0x0 /usr/local/Cellar/avr-gcc@9/9.4.0/lib/avr-gcc/9/gcc/avr/9.4.0/../../../../../../avr/lib/avr5/libm.a(fp_round.o)
 .data          0x00800060        0x0 /usr/local/Cellar/avr-gcc@9/9.4.0/lib/avr-gcc/9/gcc/avr/9.4.0/../../../../../../avr/lib/avr5/libm.a(fp_split3.o)
 .data          0x00800060        0x0 /usr/local/Cellar/avr-gcc@9/9.4.0/lib/avr-gcc/9/gcc/avr/9.4.0/../../../../../../avr/lib/avr5/libm.a(fp_zero.o)
 .data          0x00800060        0x0 /usr/local/Cellar/avr-gcc@9/9.4.0/lib/avr-gcc/9/gcc/avr/9.4.0/../../../../../../avr/lib/avr5/libm.a(gesf2.o)
 .data          0x00800060        0x0 /usr/local/Cellar/avr-gcc@9/9.4.0/lib/avr-gcc/9/gcc/avr/9.4.0/../../../../../../avr/lib/avr5/libm.a(mulsf3.o)
 .data          0x00800060        0x0 /usr/local/Cellar/avr-gcc@9/9.4.0/lib/avr-gcc/9/gcc/avr/9.4.0/../../../../../../avr/lib/avr5/libm.a(mulsf3x.o)
 .data          0x00800060        0x0 /usr/local/Cellar/avr-gcc@9/9.4.0/lib/avr-gcc/9/gcc/avr/9.4.0/../../../../../../avr/lib/avr5/libc.a(itoa.o)
 .data          0x00800060        0x0 /usr/local/Cellar/avr-gcc@9/9.4.0/lib/avr-gcc/9/gcc/avr/9.4.0/../../../../../../avr/lib/avr5/libc.a(itoa_ncheck.o)
 .data          0x00800060        0x0 /usr/local/Cellar/avr-gcc@9/9.4.0/lib/avr-gcc/9/gcc/avr/9.4.0/../../../../../../avr/lib/avr5/libc.a(utoa_ncheck.o)
 .data          0x00800060        0x0 /usr/local/Cellar/avr-gcc@9/9.4.0/lib/avr-gcc/9/gcc/avr/9.4.0/../../../../../../avr/lib/avr5/libc.a(strrev.o)
 *(.data*)
 *(.gnu.linkonce.d*)
 *(.rodata)
 .rodata        0x00800060       0xd8 ./APP/app.o
 *(.rodata*)
 *(.gnu.linkonce.r*)
                0x00800138                        . = ALIGN (0x2)
                0x00800138                        _edata = .
                0x00800138                        PROVIDE (__data_end = .)

.bss            0x00800138        0x4
                0x00800138                        PROVIDE (__bss_start = .)
 *(.bss)
 .bss           0x00800138        0x0 /usr/local/Cellar/avr-gcc@9/9.4.0/lib/avr-gcc/9/gcc/avr/9.4.0/../../../../../../avr/lib/avr5/crtatmega32.o
 .bss           0x00800138        0x0 ./MCAl/GPIO/gpio.o
 .bss           0x00800138        0x0 ./HAL/Led/green_led.o
 .bss           0x00800138        0x0 ./HAL/LCD/lcd.o
 .bss           0x00800138        0x0 ./HAL/Keybad/keypad.o
 .bss           0x00800138        0x0 ./APP/app.o
 .bss           0x00800138        0x0 ./main.o
 .bss           0x00800138        0x0 /usr/local/Cellar/avr-gcc@9/9.4.0/lib/avr-gcc/9/gcc/avr/9.4.0/avr5/libgcc.a(_exit.o)
 .bss           0x00800138        0x0 /usr/local/Cellar/avr-gcc@9/9.4.0/lib/avr-gcc/9/gcc/avr/9.4.0/avr5/libgcc.a(_copy_data.o)
 .bss           0x00800138        0x0 /usr/local/Cellar/avr-gcc@9/9.4.0/lib/avr-gcc/9/gcc/avr/9.4.0/avr5/libgcc.a(_clear_bss.o)
 .bss           0x00800138        0x0 /usr/local/Cellar/avr-gcc@9/9.4.0/lib/avr-gcc/9/gcc/avr/9.4.0/../../../../../../avr/lib/avr5/libm.a(cmpsf2.o)
 .bss           0x00800138        0x0 /usr/local/Cellar/avr-gcc@9/9.4.0/lib/avr-gcc/9/gcc/avr/9.4.0/../../../../../../avr/lib/avr5/libm.a(divsf3.o)
 .bss           0x00800138        0x0 /usr/local/Cellar/avr-gcc@9/9.4.0/lib/avr-gcc/9/gcc/avr/9.4.0/../../../../../../avr/lib/avr5/libm.a(divsf3x.o)
 .bss           0x00800138        0x0 /usr/local/Cellar/avr-gcc@9/9.4.0/lib/avr-gcc/9/gcc/avr/9.4.0/../../../../../../avr/lib/avr5/libm.a(fixunssfsi.o)
 .bss           0x00800138        0x0 /usr/local/Cellar/avr-gcc@9/9.4.0/lib/avr-gcc/9/gcc/avr/9.4.0/../../../../../../avr/lib/avr5/libm.a(fp_cmp.o)
 .bss           0x00800138        0x0 /usr/local/Cellar/avr-gcc@9/9.4.0/lib/avr-gcc/9/gcc/avr/9.4.0/../../../../../../avr/lib/avr5/libm.a(fp_inf.o)
 .bss           0x00800138        0x0 /usr/local/Cellar/avr-gcc@9/9.4.0/lib/avr-gcc/9/gcc/avr/9.4.0/../../../../../../avr/lib/avr5/libm.a(fp_nan.o)
 .bss           0x00800138        0x0 /usr/local/Cellar/avr-gcc@9/9.4.0/lib/avr-gcc/9/gcc/avr/9.4.0/../../../../../../avr/lib/avr5/libm.a(fp_pscA.o)
 .bss           0x00800138        0x0 /usr/local/Cellar/avr-gcc@9/9.4.0/lib/avr-gcc/9/gcc/avr/9.4.0/../../../../../../avr/lib/avr5/libm.a(fp_pscB.o)
 .bss           0x00800138        0x0 /usr/local/Cellar/avr-gcc@9/9.4.0/lib/avr-gcc/9/gcc/avr/9.4.0/../../../../../../avr/lib/avr5/libm.a(fp_round.o)
 .bss           0x00800138        0x0 /usr/local/Cellar/avr-gcc@9/9.4.0/lib/avr-gcc/9/gcc/avr/9.4.0/../../../../../../avr/lib/avr5/libm.a(fp_split3.o)
 .bss           0x00800138        0x0 /usr/local/Cellar/avr-gcc@9/9.4.0/lib/avr-gcc/9/gcc/avr/9.4.0/../../../../../../avr/lib/avr5/libm.a(fp_zero.o)
 .bss           0x00800138        0x0 /usr/local/Cellar/avr-gcc@9/9.4.0/lib/avr-gcc/9/gcc/avr/9.4.0/../../../../../../avr/lib/avr5/libm.a(gesf2.o)
 .bss           0x00800138        0x0 /usr/local/Cellar/avr-gcc@9/9.4.0/lib/avr-gcc/9/gcc/avr/9.4.0/../../../../../../avr/lib/avr5/libm.a(mulsf3.o)
 .bss           0x00800138        0x0 /usr/local/Cellar/avr-gcc@9/9.4.0/lib/avr-gcc/9/gcc/avr/9.4.0/../../../../../../avr/lib/avr5/libm.a(mulsf3x.o)
 .bss           0x00800138        0x0 /usr/local/Cellar/avr-gcc@9/9.4.0/lib/avr-gcc/9/gcc/avr/9.4.0/../../../../../../avr/lib/avr5/libc.a(itoa.o)
 .bss           0x00800138        0x0 /usr/local/Cellar/avr-gcc@9/9.4.0/lib/avr-gcc/9/gcc/avr/9.4.0/../../../../../../avr/lib/avr5/libc.a(itoa_ncheck.o)
 .bss           0x00800138        0x0 /usr/local/Cellar/avr-gcc@9/9.4.0/lib/avr-gcc/9/gcc/avr/9.4.0/../../../../../../avr/lib/avr5/libc.a(utoa_ncheck.o)
 .bss           0x00800138        0x0 /usr/local/Cellar/avr-gcc@9/9.4.0/lib/avr-gcc/9/gcc/avr/9.4.0/../../../../../../avr/lib/avr5/libc.a(strrev.o)
 *(.bss*)
 .bss.A         0x00800138        0x1 ./APP/app.o
 .bss.B         0x00800139        0x1 ./APP/app.o
 .bss.C         0x0080013a        0x1 ./APP/app.o
 .bss.D         0x0080013b        0x1 ./APP/app.o
 *(COMMON)
                0x0080013c                        PROVIDE (__bss_end = .)
                0x0000541c                        __data_load_start = LOADADDR (.data)
                0x000054f4                        __data_load_end = (__data_load_start + SIZEOF (.data))

.noinit         0x0080013c        0x0
                [!provide]                        PROVIDE (__noinit_start = .)
 *(.noinit .noinit.* .gnu.linkonce.n.*)
                [!provide]                        PROVIDE (__noinit_end = .)
                0x0080013c                        _end = .
                [!provide]                        PROVIDE (__heap_start = .)

.eeprom         0x00810000        0x0
 *(.eeprom*)
                0x00810000                        __eeprom_end = .

.fuse
 *(.fuse)
 *(.lfuse)
 *(.hfuse)
 *(.efuse)

.lock
 *(.lock*)

.signature
 *(.signature*)

.stab           0x00000000     0x4b9c
 *(.stab)
 .stab          0x00000000      0xc84 ./MCAl/GPIO/gpio.o
 .stab          0x00000c84      0x3b4 ./HAL/Led/green_led.o
                                0x60c (size before relaxing)
 .stab          0x00001038     0x1e60 ./HAL/LCD/lcd.o
                               0x20f4 (size before relaxing)
 .stab          0x00002e98      0x450 ./HAL/Keybad/keypad.o
                                0x6e4 (size before relaxing)
 .stab          0x000032e8     0x15fc ./APP/app.o
                               0x1860 (size before relaxing)
 .stab          0x000048e4      0x2b8 ./main.o
                                0x2c4 (size before relaxing)

.stabstr        0x00000000     0x12e5
 *(.stabstr)
 .stabstr       0x00000000     0x12e5 ./MCAl/GPIO/gpio.o

.stab.excl
 *(.stab.excl)

.stab.exclstr
 *(.stab.exclstr)

.stab.index
 *(.stab.index)

.stab.indexstr
 *(.stab.indexstr)

.comment        0x00000000       0x24
 *(.comment)
 .comment       0x00000000       0x24 ./MCAl/GPIO/gpio.o
                                 0x25 (size before relaxing)
 .comment       0x00000024       0x25 ./HAL/Led/green_led.o
 .comment       0x00000024       0x25 ./HAL/LCD/lcd.o
 .comment       0x00000024       0x25 ./HAL/Keybad/keypad.o
 .comment       0x00000024       0x25 ./APP/app.o
 .comment       0x00000024       0x25 ./main.o

.note.gnu.avr.deviceinfo
                0x00000000       0x3c
 .note.gnu.avr.deviceinfo
                0x00000000       0x3c /usr/local/Cellar/avr-gcc@9/9.4.0/lib/avr-gcc/9/gcc/avr/9.4.0/../../../../../../avr/lib/avr5/crtatmega32.o

.note.gnu.build-id
 *(.note.gnu.build-id)

.debug
 *(.debug)

.line
 *(.line)

.debug_srcinfo
 *(.debug_srcinfo)

.debug_sfnames
 *(.debug_sfnames)

.debug_aranges  0x00000000       0x60
 *(.debug_aranges)
 .debug_aranges
                0x00000000       0x20 /usr/local/Cellar/avr-gcc@9/9.4.0/lib/avr-gcc/9/gcc/avr/9.4.0/avr5/libgcc.a(_exit.o)
 .debug_aranges
                0x00000020       0x20 /usr/local/Cellar/avr-gcc@9/9.4.0/lib/avr-gcc/9/gcc/avr/9.4.0/avr5/libgcc.a(_copy_data.o)
 .debug_aranges
                0x00000040       0x20 /usr/local/Cellar/avr-gcc@9/9.4.0/lib/avr-gcc/9/gcc/avr/9.4.0/avr5/libgcc.a(_clear_bss.o)

.debug_pubnames
 *(.debug_pubnames)

.debug_info     0x00000000      0x558
 *(.debug_info .gnu.linkonce.wi.*)
 .debug_info    0x00000000      0x4e6 /usr/local/Cellar/avr-gcc@9/9.4.0/lib/avr-gcc/9/gcc/avr/9.4.0/../../../../../../avr/lib/avr5/crtatmega32.o
 .debug_info    0x000004e6       0x26 /usr/local/Cellar/avr-gcc@9/9.4.0/lib/avr-gcc/9/gcc/avr/9.4.0/avr5/libgcc.a(_exit.o)
 .debug_info    0x0000050c       0x26 /usr/local/Cellar/avr-gcc@9/9.4.0/lib/avr-gcc/9/gcc/avr/9.4.0/avr5/libgcc.a(_copy_data.o)
 .debug_info    0x00000532       0x26 /usr/local/Cellar/avr-gcc@9/9.4.0/lib/avr-gcc/9/gcc/avr/9.4.0/avr5/libgcc.a(_clear_bss.o)

.debug_abbrev   0x00000000      0x4df
 *(.debug_abbrev)
 .debug_abbrev  0x00000000      0x4a3 /usr/local/Cellar/avr-gcc@9/9.4.0/lib/avr-gcc/9/gcc/avr/9.4.0/../../../../../../avr/lib/avr5/crtatmega32.o
 .debug_abbrev  0x000004a3       0x14 /usr/local/Cellar/avr-gcc@9/9.4.0/lib/avr-gcc/9/gcc/avr/9.4.0/avr5/libgcc.a(_exit.o)
 .debug_abbrev  0x000004b7       0x14 /usr/local/Cellar/avr-gcc@9/9.4.0/lib/avr-gcc/9/gcc/avr/9.4.0/avr5/libgcc.a(_copy_data.o)
 .debug_abbrev  0x000004cb       0x14 /usr/local/Cellar/avr-gcc@9/9.4.0/lib/avr-gcc/9/gcc/avr/9.4.0/avr5/libgcc.a(_clear_bss.o)

.debug_line     0x00000000      0x19a
 *(.debug_line .debug_line.* .debug_line_end)
 .debug_line    0x00000000       0x1d /usr/local/Cellar/avr-gcc@9/9.4.0/lib/avr-gcc/9/gcc/avr/9.4.0/../../../../../../avr/lib/avr5/crtatmega32.o
 .debug_line    0x0000001d       0x61 /usr/local/Cellar/avr-gcc@9/9.4.0/lib/avr-gcc/9/gcc/avr/9.4.0/avr5/libgcc.a(_exit.o)
 .debug_line    0x0000007e       0x97 /usr/local/Cellar/avr-gcc@9/9.4.0/lib/avr-gcc/9/gcc/avr/9.4.0/avr5/libgcc.a(_copy_data.o)
 .debug_line    0x00000115       0x85 /usr/local/Cellar/avr-gcc@9/9.4.0/lib/avr-gcc/9/gcc/avr/9.4.0/avr5/libgcc.a(_clear_bss.o)

.debug_frame
 *(.debug_frame)

.debug_str      0x00000000      0x219
 *(.debug_str)
 .debug_str     0x00000000      0x196 /usr/local/Cellar/avr-gcc@9/9.4.0/lib/avr-gcc/9/gcc/avr/9.4.0/../../../../../../avr/lib/avr5/crtatmega32.o
 .debug_str     0x00000196       0x83 /usr/local/Cellar/avr-gcc@9/9.4.0/lib/avr-gcc/9/gcc/avr/9.4.0/avr5/libgcc.a(_exit.o)
 .debug_str     0x00000219       0x83 /usr/local/Cellar/avr-gcc@9/9.4.0/lib/avr-gcc/9/gcc/avr/9.4.0/avr5/libgcc.a(_copy_data.o)
 .debug_str     0x00000219       0x83 /usr/local/Cellar/avr-gcc@9/9.4.0/lib/avr-gcc/9/gcc/avr/9.4.0/avr5/libgcc.a(_clear_bss.o)

.debug_loc
 *(.debug_loc)

.debug_macinfo
 *(.debug_macinfo)

.debug_weaknames
 *(.debug_weaknames)

.debug_funcnames
 *(.debug_funcnames)

.debug_typenames
 *(.debug_typenames)

.debug_varnames
 *(.debug_varnames)

.debug_pubtypes
 *(.debug_pubtypes)

.debug_ranges
 *(.debug_ranges)

.debug_addr
 *(.debug_addr)

.debug_line_str
 *(.debug_line_str)

.debug_loclists
 *(.debug_loclists)

.debug_macro
 *(.debug_macro)

.debug_names
 *(.debug_names)

.debug_rnglists
 *(.debug_rnglists)

.debug_str_offsets
 *(.debug_str_offsets)

.debug_sup
 *(.debug_sup)
OUTPUT(vote.elf elf32-avr)
LOAD linker stubs
